***********************************************************************************************
***                                                                                         ***
***                                    LINK INFORMATION                                     ***
***                                                                                         ***
***********************************************************************************************

Linker version:

  SEGGER RISC-V Linker 4.38.6 compiled Nov 27 2023 15:23:44
  Copyright (c) 2017-2022 SEGGER Microcontroller GmbH    www.segger.com


***********************************************************************************************
***                                                                                         ***
***                                     MODULE SUMMARY                                      ***
***                                                                                         ***
***********************************************************************************************

Memory use by input file:

  Object File                                       RX Code     RO Data     RW Data     ZI Data
  ---------------------------------------------  ----------  ----------  ----------  ----------
  assembly.o                                             32                                    
  main.o                                                 28                                    
  SEGGER_RV32_crt0.o                                     76                                    
  ---------------------------------------------  ----------  ----------  ----------  ----------
  Subtotal (3 objects)                                  136                                    
  ---------------------------------------------  ----------  ----------  ----------  ----------
  SEGGER_RV32_crtinit_rv32i_balanced.a                  168                                    
  ---------------------------------------------  ----------  ----------  ----------  ----------
  Subtotal (1 archives)                                 168                                    
  ---------------------------------------------  ----------  ----------  ----------  ----------
  Linker created (shared data, fills, blocks):                        4                   1 024
  =============================================  ==========  ==========  ==========  ==========
  Total:                                                304           4                   1 024
  =============================================  ==========  ==========  ==========  ==========

Memory use by archive member:

  Archive member                                    RX Code     RO Data     RW Data     ZI Data
  ---------------------------------------------  ----------  ----------  ----------  ----------
  SEGGER_RV32_crtinit.o (SEGGER_RV32_crtinit_rv32i_balanced.a)
                                                        168                                    
  ---------------------------------------------  ----------  ----------  ----------  ----------
  Subtotal (1 members from 1 archives)                  168                                    
  Objects (3 files)                                     136                                    
  Linker created (shared data, fills, blocks):                        4                   1 024
  =============================================  ==========  ==========  ==========  ==========
  Total:                                                304           4                   1 024
  =============================================  ==========  ==========  ==========  ==========

Memory use by linker:

  Description                                       RX Code     RO Data     RW Data     ZI Data
  ---------------------------------------------  ----------  ----------  ----------  ----------
  Initialization table                                                4                        
  Memory for block 'stack'                                                                1 024
  ---------------------------------------------  ----------  ----------  ----------  ----------
  Subtotal (linker created):                                          4                   1 024
  ---------------------------------------------  ----------  ----------  ----------  ----------
  Objects (3 files)                                     136                                    
  Archives (1 files)                                    168                                    
  =============================================  ==========  ==========  ==========  ==========
  Total:                                                304           4                   1 024
  =============================================  ==========  ==========  ==========  ==========


***********************************************************************************************
***                                                                                         ***
***                                     SECTION DETAIL                                      ***
***                                                                                         ***
***********************************************************************************************

Sections by address:

  Range              Symbol or [section] Name         Size  Al  Init  Ac  Object File
  -----------------  -------------------------  ----------  --  ----  --  -----------
  00000000-0000004b  _start                             76   4  Code  RX  SEGGER_RV32_crt0.o
  0000004c-0000006b  my_assembly_function               32   4  Code  RX  assembly.o
  0000006c-00000087  main                               28   4  Code  RX  main.o
  00000088-00000127  trap_entry                        160   4  Code  RX  SEGGER_RV32_crtinit.o (SEGGER_RV32_crtinit_rv32i_balanced.a)
  00000128-0000012b  handle_trap                         4   4  Code  RX  SEGGER_RV32_crtinit.o (SEGGER_RV32_crtinit_rv32i_balanced.a)
  0000012c-0000012f  _init                               4   4  Code  RX  SEGGER_RV32_crtinit.o (SEGGER_RV32_crtinit_rv32i_balanced.a)
  00000130-00000133  __SEGGER_init_table__               4   4  Cnst  RO  [ Linker created ]
  00000134-2000fbff  ( UNUSED .=.+536935116 )   536 935 116
                                                             -  ----  -   -
  2000fc00-2000ffff  [.bss.block.stack]              1 024   8  None  ZI  [ Linker created ]


***********************************************************************************************
***                                                                                         ***
***                                       SYMBOL LIST                                       ***
***                                                                                         ***
***********************************************************************************************

Function symbols by name:

  Symbol name                   Address        Size  Align  Type  Bd  Object File
  -------------------------  ----------  ----------  -----  ----  --  -----------
  __SEGGER_init_done         0x00000040                  4  Code  Gb  SEGGER_RV32_crt0.o
  __startup_complete         0x00000040                  4  Code  Gb  SEGGER_RV32_crt0.o
  _init                      0x0000012C         [4]      4  Code  Wk  SEGGER_RV32_crtinit.o (SEGGER_RV32_crtinit_rv32i_balanced.a)
  _start                     0x00000000          88      4  Code  Gb  SEGGER_RV32_crt0.o
  exit                       0x00000048           4      4  Code  Gb  SEGGER_RV32_crt0.o
  handle_trap                0x00000128         [4]      4  Code  Wk  SEGGER_RV32_crtinit.o (SEGGER_RV32_crtinit_rv32i_balanced.a)
  main                       0x0000006C          32      4  Code  Gb  main.o
  trap_entry                 0x00000088       [160]      4  Code  Wk  SEGGER_RV32_crtinit.o (SEGGER_RV32_crtinit_rv32i_balanced.a)

Function symbols by address:

     Address  Symbol name                      Size  Align  Type  Bd  Object File
  ----------  -------------------------  ----------  -----  ----  --  -----------
  0x00000000  _start                             88      4  Code  Gb  SEGGER_RV32_crt0.o
  0x00000040  __startup_complete                         4  Code  Gb  SEGGER_RV32_crt0.o
  0x00000040  __SEGGER_init_done                         4  Code  Gb  SEGGER_RV32_crt0.o
  0x00000048  exit                                4      4  Code  Gb  SEGGER_RV32_crt0.o
  0x0000006C  main                               32      4  Code  Gb  main.o
  0x00000088  trap_entry                      [160]      4  Code  Wk  SEGGER_RV32_crtinit.o (SEGGER_RV32_crtinit_rv32i_balanced.a)
  0x00000128  handle_trap                       [4]      4  Code  Wk  SEGGER_RV32_crtinit.o (SEGGER_RV32_crtinit_rv32i_balanced.a)
  0x0000012C  _init                             [4]      4  Code  Wk  SEGGER_RV32_crtinit.o (SEGGER_RV32_crtinit_rv32i_balanced.a)

Function symbols by descending size:

  Symbol name                      Size  Align  Type  Bd  Object File
  -------------------------  ----------  -----  ----  --  -----------
  _start                             88      4  Code  Gb  SEGGER_RV32_crt0.o
  main                               32      4  Code  Gb  main.o
  exit                                4      4  Code  Gb  SEGGER_RV32_crt0.o
  __SEGGER_init_done                         4  Code  Gb  SEGGER_RV32_crt0.o
  __startup_complete                         4  Code  Gb  SEGGER_RV32_crt0.o
  _init                             [4]      4  Code  Wk  SEGGER_RV32_crtinit.o (SEGGER_RV32_crtinit_rv32i_balanced.a)
  handle_trap                       [4]      4  Code  Wk  SEGGER_RV32_crtinit.o (SEGGER_RV32_crtinit_rv32i_balanced.a)
  trap_entry                      [160]      4  Code  Wk  SEGGER_RV32_crtinit.o (SEGGER_RV32_crtinit_rv32i_balanced.a)

Read-only data symbols by name:

  Global base (gp) at 0x00000800
  Thread base (tp) at 0x00000800
  
  Symbol name                   Address     Access        Size  Align  Type  Bd  Object File
  -------------------------  ----------  ---------  ----------  -----  ----  --  -----------
  __SEGGER_init_table__      0x00000130  gp-0x06D0         [4]      4  Cnst  Lc  [ Linker created ]

Read-only data symbols by address:

  Global base (gp) at 0x00000800
  Thread base (tp) at 0x00000800
  
     Address     Access  Symbol name                      Size  Align  Type  Bd  Object File
  ----------  ---------  -------------------------  ----------  -----  ----  --  -----------
  0x00000130  gp-0x06D0  __SEGGER_init_table__             [4]      4  Cnst  Lc  [ Linker created ]

Untyped symbols by name:

  Global base (gp) at 0x00000800
  Thread base (tp) at 0x00000800
  
  Symbol name                     Value     Access        Size  Align  Type  Bd  Object File
  -------------------------  ----------  ---------  ----------  -----  ----  --  -----------
  __FLASH1_segment_end__     0x00100000                                ----  Gb  [ Linker created ]
  __FLASH1_segment_size__    0x00100000                                ----  Gb  [ Linker created ]
  __FLASH1_segment_start__   0x00000000  gp-0x0800                     ----  Gb  [ Linker created ]
  __FLASH1_segment_used_end__
                             0x00000134  gp-0x06CC                     ----  Gb  [ Linker created ]
  __FLASH1_segment_used_size__
                             0x00000134  gp-0x06CC                     ----  Gb  [ Linker created ]
  __FLASH1_segment_used_start__
                             0x00000000  gp-0x0800                     ----  Gb  [ Linker created ]
  __FLASH_segment_end__      0x00100000                                ----  Gb  [ Linker created ]
  __FLASH_segment_size__     0x00100000                                ----  Gb  [ Linker created ]
  __FLASH_segment_start__    0x00000000  gp-0x0800                     ----  Gb  [ Linker created ]
  __FLASH_segment_used_end__
                             0x00000134  gp-0x06CC                     ----  Gb  [ Linker created ]
  __FLASH_segment_used_size__
                             0x00000134  gp-0x06CC                     ----  Gb  [ Linker created ]
  __FLASH_segment_used_start__
                             0x00000000  gp-0x0800                     ----  Gb  [ Linker created ]
  __HEAPSIZE__               0x00000400  gp-0x0400                     ----  Gb  [ Linker created ]
  __RAM1_segment_end__       0x20010000                                ----  Gb  [ Linker created ]
  __RAM1_segment_size__      0x00010000                                ----  Gb  [ Linker created ]
  __RAM1_segment_start__     0x20000000                                ----  Gb  [ Linker created ]
  __RAM1_segment_used_end__  0x20010000                                ----  Gb  [ Linker created ]
  __RAM1_segment_used_size__
                             0x00000400  gp-0x0400                     ----  Gb  [ Linker created ]
  __RAM1_segment_used_start__
                             0x2000FC00                                ----  Gb  [ Linker created ]
  __RAM_segment_end__        0x20010000                                ----  Gb  [ Linker created ]
  __RAM_segment_size__       0x00010000                                ----  Gb  [ Linker created ]
  __RAM_segment_start__      0x20000000                                ----  Gb  [ Linker created ]
  __RAM_segment_used_end__   0x20010000                                ----  Gb  [ Linker created ]
  __RAM_segment_used_size__  0x00000400  gp-0x0400                     ----  Gb  [ Linker created ]
  __RAM_segment_used_start__
                             0x2000FC00                                ----  Gb  [ Linker created ]
  __STACKSIZE__              0x00000400  gp-0x0400                     ----  Gb  [ Linker created ]
  __global_pointer$          0x00000800  gp+0x0000                     ----  Gb  [ Linker created ]
  __stack_end__              0x20010000                                ----  Gb  [ Linker created ]
  __thread_pointer$          0x00000800  gp+0x0000                     ----  Gb  [ Linker created ]
  my_assembly_function       0x0000004C  gp-0x07B4        [32]      4  Code  Gb  assembly.o

Untyped symbols by address:

  Global base (gp) at 0x00000800
  Thread base (tp) at 0x00000800
  
       Value     Access  Symbol name                      Size  Align  Type  Bd  Object File
  ----------  ---------  -------------------------  ----------  -----  ----  --  -----------
  0x00000000  gp-0x0800  __FLASH_segment_used_start__
                                                                       ----  Gb  [ Linker created ]
  0x00000000  gp-0x0800  __FLASH_segment_start__                       ----  Gb  [ Linker created ]
  0x00000000  gp-0x0800  __FLASH1_segment_used_start__
                                                                       ----  Gb  [ Linker created ]
  0x00000000  gp-0x0800  __FLASH1_segment_start__                      ----  Gb  [ Linker created ]
  0x0000004C  gp-0x07B4  my_assembly_function             [32]      4  Code  Gb  assembly.o
  0x00000134  gp-0x06CC  __FLASH_segment_used_size__
                                                                       ----  Gb  [ Linker created ]
  0x00000134  gp-0x06CC  __FLASH_segment_used_end__
                                                                       ----  Gb  [ Linker created ]
  0x00000134  gp-0x06CC  __FLASH1_segment_used_size__
                                                                       ----  Gb  [ Linker created ]
  0x00000134  gp-0x06CC  __FLASH1_segment_used_end__
                                                                       ----  Gb  [ Linker created ]
  0x00000400  gp-0x0400  __STACKSIZE__                                 ----  Gb  [ Linker created ]
  0x00000400  gp-0x0400  __RAM_segment_used_size__                     ----  Gb  [ Linker created ]
  0x00000400  gp-0x0400  __RAM1_segment_used_size__
                                                                       ----  Gb  [ Linker created ]
  0x00000400  gp-0x0400  __HEAPSIZE__                                  ----  Gb  [ Linker created ]
  0x00000800  gp+0x0000  __thread_pointer$                             ----  Gb  [ Linker created ]
  0x00000800  gp+0x0000  __global_pointer$                             ----  Gb  [ Linker created ]
  0x00010000             __RAM_segment_size__                          ----  Gb  [ Linker created ]
  0x00010000             __RAM1_segment_size__                         ----  Gb  [ Linker created ]
  0x00100000             __FLASH_segment_size__                        ----  Gb  [ Linker created ]
  0x00100000             __FLASH_segment_end__                         ----  Gb  [ Linker created ]
  0x00100000             __FLASH1_segment_size__                       ----  Gb  [ Linker created ]
  0x00100000             __FLASH1_segment_end__                        ----  Gb  [ Linker created ]
  0x20000000             __RAM_segment_start__                         ----  Gb  [ Linker created ]
  0x20000000             __RAM1_segment_start__                        ----  Gb  [ Linker created ]
  0x2000FC00             __RAM_segment_used_start__
                                                                       ----  Gb  [ Linker created ]
  0x2000FC00             __RAM1_segment_used_start__
                                                                       ----  Gb  [ Linker created ]
  0x20010000             __stack_end__                                 ----  Gb  [ Linker created ]
  0x20010000             __RAM_segment_used_end__                      ----  Gb  [ Linker created ]
  0x20010000             __RAM_segment_end__                           ----  Gb  [ Linker created ]
  0x20010000             __RAM1_segment_used_end__                     ----  Gb  [ Linker created ]
  0x20010000             __RAM1_segment_end__                          ----  Gb  [ Linker created ]


***********************************************************************************************
***                                                                                         ***
***                                      LINK SUMMARY                                       ***
***                                                                                         ***
***********************************************************************************************

Memory breakdown:

      304 bytes read-only  code    + 
        4 bytes read-only  data    =     308 bytes read-only (total)
    1 024 bytes read-write data

Region summary:

  Name        Range                     Size                 Used               Unused       Alignment Loss
  ----------  -----------------  -----------  -------------------  -------------------  -------------------
  FLASH       00000000-000fffff    1 048 576          308   0.03%    1 048 268  99.97%            0   0.00%
  RAM         20000000-2000ffff       65 536        1 024   1.56%       64 512  98.44%            0   0.00%

Link complete: 0 errors, 2 warnings, 0 remarks
